AUTODIAG-1 START 2026-09-25T10:48:41.656Z hub 3b13eb9
model: https://mr-tattershall--legasus-7b-server-web.modal.run
worker: sha256:fa49b576430b1288a585522bbf011fbd218cedcb379eb7bb57e3a69fec08a8c3
arms: CONTROL (seed + guidance) vs AUTODIAG_ARM (THE SAME seed + guidance; the Hub runs the cases and delivers the result)
queue: 15 tasks x 2 arms x 2 replicate(s) = 60 units
limits: 300s/task, 9000s total, no retries

measuring seed baselines (no model involved):
  baseline ext-bucketsort: 1/7 graded cases pass on the seed
  baseline ext-find_in_sorted: 5/7 graded cases pass on the seed
  baseline ext-flatten: 1/7 graded cases pass on the seed
  baseline ext-gcd: 1/6 graded cases pass on the seed
  baseline ext-get_factors: 1/11 graded cases pass on the seed
  baseline ext-is_valid_parenthesization: 2/3 graded cases pass on the seed
  baseline ext-kheapsort: 1/4 graded cases pass on the seed
  baseline ext-kth: 3/7 graded cases pass on the seed
  baseline ext-lcs_length: 1/9 graded cases pass on the seed
  baseline ext-lis: 8/12 graded cases pass on the seed
  baseline ext-longest_common_subsequence: 6/10 graded cases pass on the seed
  baseline ext-max_sublist_sum: 2/6 graded cases pass on the seed
  baseline ext-mergesort: 1/14 graded cases pass on the seed
  baseline ext-next_palindrome: 4/5 graded cases pass on the seed
  baseline ext-pascal: 1/5 graded cases pass on the seed
  1. [CONTROL] ext-bucketsort ENDED req=FAIL prot=PASS cases 1->1/7 edits=3 PRESERVE_INCOMPLETE
  2. [AUTODIAG_ARM] ext-bucketsort ENDED req=PASS prot=PASS cases 1->7/7 +[2,3,4,5,6,7] edits=2 RETAIN cmd=0 delivered=true
  3. [AUTODIAG_ARM] ext-find_in_sorted ENDED req=FAIL prot=FAIL cases 5->0/7 edits=3 RESTORED cmd=0 delivered=true
  4. [CONTROL] ext-find_in_sorted ENDED req=FAIL prot=PASS cases 5->5/7 edits=0 PRESERVE_INCOMPLETE
  5. [CONTROL] ext-flatten ENDED req=FAIL prot=PASS cases 1->1/7 edits=0 PRESERVE_INCOMPLETE
  6. [AUTODIAG_ARM] ext-flatten ENDED req=PASS prot=PASS cases 1->7/7 +[1,3,4,5,6,7] edits=1 RETAIN cmd=0 delivered=true
  7. [AUTODIAG_ARM] ext-gcd ENDED req=PASS prot=PASS cases 1->6/6 +[2,3,4,5,6] edits=4 RETAIN cmd=0 delivered=true
  8. [CONTROL] ext-gcd ENDED req=FAIL prot=PASS cases 1->1/6 edits=0 PRESERVE_INCOMPLETE
  9. [CONTROL] ext-get_factors ENDED req=FAIL prot=PASS cases 1->1/11 edits=3 PRESERVE_INCOMPLETE
 10. [AUTODIAG_ARM] ext-get_factors ENDED req=PASS prot=PASS cases 1->11/11 +[2,3,4,5,6,7,8,9,10,11] edits=1 RETAIN cmd=0 delivered=true
 11. [AUTODIAG_ARM] ext-is_valid_parenthesization ENDED req=FAIL prot=PASS cases 2->2/3 edits=0 PRESERVE_INCOMPLETE cmd=0 delivered=true
 12. [CONTROL] ext-is_valid_parenthesization ENDED req=FAIL prot=PASS cases 2->2/3 edits=2 PRESERVE_INCOMPLETE
 13. [CONTROL] ext-kheapsort ENDED req=FAIL prot=PASS cases 1->1/4 edits=0 PRESERVE_INCOMPLETE
 14. [AUTODIAG_ARM] ext-kheapsort ENDED req=FAIL prot=PASS cases 1->1/4 edits=0 PRESERVE_INCOMPLETE cmd=0 delivered=true
 15. [AUTODIAG_ARM] ext-kth ENDED req=PASS prot=PASS cases 3->7/7 +[1,2,6,7] edits=1 RETAIN cmd=0 delivered=true
 16. [CONTROL] ext-kth ENDED req=FAIL prot=PASS cases 3->4/7 +[7] edits=3 PRESERVE_INCOMPLETE
 17. [CONTROL] ext-lcs_length ENDED req=FAIL prot=PASS cases 1->1/9 edits=0 PRESERVE_INCOMPLETE
 18. [AUTODIAG_ARM] ext-lcs_length ENDED req=PASS prot=PASS cases 1->9/9 +[1,2,4,5,6,7,8,9] edits=1 RETAIN cmd=0 delivered=true
 19. [AUTODIAG_ARM] ext-lis ENDED req=PASS prot=PASS cases 8->12/12 +[9,10,11,12] edits=1 RETAIN cmd=0 delivered=true
 20. [CONTROL] ext-lis ENDED req=FAIL prot=PASS cases 8->8/12 edits=0 PRESERVE_INCOMPLETE
 21. [CONTROL] ext-longest_common_subsequence ENDED req=FAIL prot=PASS cases 6->6/10 edits=0 PRESERVE_INCOMPLETE
 22. [AUTODIAG_ARM] ext-longest_common_subsequence ENDED req=FAIL prot=PASS cases 6->6/10 edits=3 PRESERVE_INCOMPLETE cmd=0 delivered=true
 23. [AUTODIAG_ARM] ext-max_sublist_sum ENDED req=FAIL prot=FAIL cases 2->0/6 edits=6 RESTORED cmd=0 delivered=true
 24. [CONTROL] ext-max_sublist_sum ENDED req=FAIL prot=PASS cases 2->2/6 edits=0 PRESERVE_INCOMPLETE
 25. [CONTROL] ext-mergesort ENDED req=FAIL prot=PASS cases 1->1/14 edits=33 PRESERVE_INCOMPLETE
 26. [AUTODIAG_ARM] ext-mergesort ENDED req=PASS prot=PASS cases 1->14/14 +[2,3,4,5,6,7,8,9,10,11,12,13,14] edits=1 RETAIN cmd=0 delivered=true
 27. [AUTODIAG_ARM] ext-next_palindrome ENDED req=FAIL prot=FAIL cases 4->0/5 -[1,2,3,4] edits=5 RESTORED cmd=0 delivered=true
 28. [CONTROL] ext-next_palindrome ENDED req=FAIL prot=PASS cases 4->4/5 edits=0 PRESERVE_INCOMPLETE
 29. [CONTROL] ext-pascal ENDED req=FAIL prot=PASS cases 1->1/5 edits=0 PRESERVE_INCOMPLETE
 30. [AUTODIAG_ARM] ext-pascal ENDED req=FAIL prot=FAIL cases 1->0/5 -[1] edits=3 RESTORED cmd=0 delivered=true
 31. [CONTROL] ext-bucketsort ENDED req=FAIL prot=PASS cases 1->1/7 edits=34 PRESERVE_INCOMPLETE
 32. [AUTODIAG_ARM] ext-bucketsort ENDED req=FAIL prot=FAIL cases 1->0/7 -[1] edits=3 RESTORED cmd=0 delivered=true
 33. [AUTODIAG_ARM] ext-find_in_sorted ENDED req=FAIL prot=FAIL cases 5->0/7 edits=3 RESTORED cmd=0 delivered=true
 34. [CONTROL] ext-find_in_sorted ENDED req=FAIL prot=PASS cases 5->5/7 edits=1 PRESERVE_INCOMPLETE
 35. [CONTROL] ext-flatten ENDED req=FAIL prot=PASS cases 1->1/7 edits=1 PRESERVE_INCOMPLETE
 36. [AUTODIAG_ARM] ext-flatten ENDED req=FAIL prot=PASS cases 1->1/7 edits=3 PRESERVE_INCOMPLETE cmd=0 delivered=true
 37. [AUTODIAG_ARM] ext-gcd ENDED req=PASS prot=PASS cases 1->6/6 +[2,3,4,5,6] edits=1 RETAIN cmd=0 delivered=true
 38. [CONTROL] ext-gcd ENDED req=FAIL prot=PASS cases 1->1/6 edits=1 PRESERVE_INCOMPLETE
 39. [CONTROL] ext-get_factors ENDED req=FAIL prot=PASS cases 1->1/11 edits=0 PRESERVE_INCOMPLETE
 40. [AUTODIAG_ARM] ext-get_factors ENDED req=FAIL prot=PASS cases 1->2/11 +[9] edits=5 PRESERVE_INCOMPLETE cmd=0 delivered=true
 41. [AUTODIAG_ARM] ext-is_valid_parenthesization ENDED req=FAIL prot=FAIL cases 2->1/3 -[2] edits=3 RESTORED cmd=0 delivered=true
 42. [CONTROL] ext-is_valid_parenthesization ENDED req=FAIL prot=PASS cases 2->2/3 edits=0 PRESERVE_INCOMPLETE
 43. [CONTROL] ext-kheapsort ENDED req=FAIL prot=PASS cases 1->1/4 edits=0 PRESERVE_INCOMPLETE
 44. [AUTODIAG_ARM] ext-kheapsort ENDED req=FAIL prot=PASS cases 1->1/4 edits=0 PRESERVE_INCOMPLETE cmd=0 delivered=true
 45. [AUTODIAG_ARM] ext-kth ENDED req=FAIL prot=PASS cases 3->4/7 +[7] edits=7 PRESERVE_INCOMPLETE cmd=0 delivered=true
 46. [CONTROL] ext-kth ENDED req=FAIL prot=PASS cases 3->4/7 +[7] edits=3 PRESERVE_INCOMPLETE
 47. [CONTROL] ext-lcs_length ENDED req=FAIL prot=FAIL cases 1->0/9 -[3] edits=3 RESTORED
 48. [AUTODIAG_ARM] ext-lcs_length ENDED req=FAIL prot=PASS cases 1->1/9 edits=0 PRESERVE_INCOMPLETE cmd=0 delivered=true
 49. [AUTODIAG_ARM] ext-lis ENDED req=FAIL prot=PASS cases 8->8/12 edits=0 PRESERVE_INCOMPLETE cmd=0 delivered=true
 50. [CONTROL] ext-lis ENDED req=FAIL prot=FAIL cases 8->0/12 -[1,2,3,4,5,6,7,8] edits=3 RESTORED
 51. [CONTROL] ext-longest_common_subsequence ENDED req=FAIL prot=PASS cases 6->6/10 edits=0 PRESERVE_INCOMPLETE
 52. [AUTODIAG_ARM] ext-longest_common_subsequence ENDED req=FAIL prot=FAIL cases 6->0/10 -[1,2,3,5,9,10] edits=7 RESTORED cmd=0 delivered=true
 53. [AUTODIAG_ARM] ext-max_sublist_sum ENDED req=FAIL prot=FAIL cases 2->0/6 edits=3 RESTORED cmd=0 delivered=true
 54. [CONTROL] ext-max_sublist_sum ENDED req=FAIL prot=FAIL cases 2->0/6 edits=6 RESTORED
 55. [CONTROL] ext-mergesort ENDED req=FAIL prot=PASS cases 1->1/14 edits=0 PRESERVE_INCOMPLETE
 56. [AUTODIAG_ARM] ext-mergesort ENDED req=PASS prot=PASS cases 1->14/14 +[2,3,4,5,6,7,8,9,10,11,12,13,14] edits=2 RETAIN cmd=0 delivered=true
 57. [AUTODIAG_ARM] ext-next_palindrome ENDED req=FAIL prot=PASS cases 4->4/5 edits=3 PRESERVE_INCOMPLETE cmd=0 delivered=true
 58. [CONTROL] ext-next_palindrome ENDED req=FAIL prot=PASS cases 4->4/5 edits=0 PRESERVE_INCOMPLETE
 59. [CONTROL] ext-pascal ENDED req=FAIL prot=PASS cases 1->1/5 edits=0 PRESERVE_INCOMPLETE
 60. [AUTODIAG_ARM] ext-pascal ENDED req=FAIL prot=PASS cases 1->1/5 edits=3 PRESERVE_INCOMPLETE cmd=0 delivered=true

=== AUTODIAG-1 RESULT ===
elapsed 93m 25s of 150m
stopped cleanly: YES
integrity true  reconciliation true
status {"COMPLETED":60,"INTERRUPTED":0,"UNATTEMPTED":0,"BLOCKED":0,"OTHER":0,"UNACCOUNTED":0,"total":60,"planned":60}

LABEL: repair with SUPPLIED tests. The exposed cases are the graded cases.

CONTROL       {
 "runs": 30,
 "verifiedRepairs": 0,
 "dispositions": {
  "PRESERVE_INCOMPLETE": 27,
  "RESTORED": 3
 },
 "regressionsProduced": 3,
 "regressionsSurviving": 0,
 "runsWithNewlyPassing": 2,
 "runsWithNewlyFailing": 2,
 "runsWithBoth": 0,
 "runsAllCasesPassing": 0,
 "caseMeasurementErrors": 1,
 "editsOnTarget": 96,
 "runsThatEdited": 13,
 "sawFailingTest": 13,
 "editAfterFailure": 10,
 "runsWithDiagnosticDelivered": 0,
 "diagnosticsDelivered": 0,
 "diagnosticsSkippedForBudget": 0,
 "diagnosticsUnavailable": 0
}
AUTODIAG_ARM  {
 "runs": 30,
 "verifiedRepairs": 10,
 "dispositions": {
  "RETAIN": 10,
  "RESTORED": 9,
  "PRESERVE_INCOMPLETE": 11
 },
 "regressionsProduced": 9,
 "regressionsSurviving": 0,
 "runsWithNewlyPassing": 12,
 "runsWithNewlyFailing": 5,
 "runsWithBoth": 0,
 "runsAllCasesPassing": 10,
 "caseMeasurementErrors": 4,
 "editsOnTarget": 75,
 "runsThatEdited": 25,
 "sawFailingTest": 0,
 "editAfterFailure": 0,
 "runsWithDiagnosticDelivered": 30,
 "diagnosticsDelivered": 69,
 "diagnosticsSkippedForBudget": 0,
 "diagnosticsUnavailable": 0
}

summary: C:\Users\tatte\AppData\Local\Temp\autodiag1-yvbirv\summary.jsonl
report:  C:\Users\tatte\AppData\Local\Temp\autodiag1-yvbirv\AUTODIAG-1_REPORT.json
AUTODIAG-1 COMPLETE
