DISCOVER C:\Users\tatte\Projects\ai-coding-hub\server\approvalPolicy.js :: segments  over 97 catalogued witness files
load sampler: legasus/loadSample.mjs (stand-in); ceiling 40 node processes; start=10
  NOT_EXECUTED      5842ms  exit=0  fn=0  cases=0  load=10/30.8ms  server/apiErrors.test.mjs
  NOT_EXECUTED       319ms  exit=0  fn=0  cases=0  load=9/34.8ms  server/appendFile.test.mjs
  NOT_EXECUTED       943ms  exit=0  fn=0  cases=0  load=9/38.5ms  server/appendFragment.test.mjs
  NOT_EXECUTED     13424ms  exit=0  fn=0  cases=0  load=9/29.6ms  server/appendSyntax.test.mjs
  NOT_EXECUTED     10134ms  exit=0  fn=0  cases=0  load=9/43.3ms  server/assertEvidence.test.mjs
  NOT_EXECUTED       776ms  exit=0  fn=0  cases=0  load=9/35.1ms  server/auth.test.mjs
  NOT_EXECUTED      2439ms  exit=0  fn=0  cases=0  load=9/34.9ms  server/autoStart.test.mjs
  UNOBSERVABLE    180413ms  exit=1  fn=0  cases=0  load=9/39.9ms  server/batchActions.test.mjs
  NOT_EXECUTED      7050ms  exit=0  fn=0  cases=0  load=9/38.9ms  server/budgetAccounting.test.mjs
  NOT_EXECUTED      6735ms  exit=0  fn=0  cases=0  load=9/34.6ms  server/chatTimeout.test.mjs
  NOT_EXECUTED      9827ms  exit=0  fn=0  cases=0  load=10/45.2ms  server/checkpointResilience.test.mjs
  NOT_EXECUTED      5139ms  exit=0  fn=0  cases=0  load=9/38.3ms  server/commandOutputTail.test.mjs
  NOT_EXECUTED      2926ms  exit=0  fn=0  cases=0  load=9/36.3ms  server/connRetry.test.mjs
  NOT_EXECUTED        81ms  exit=0  fn=0  cases=0  load=9/39.5ms  server/dataIntegrity.test.mjs
  NOT_EXECUTED      9428ms  exit=0  fn=0  cases=0  load=9/36ms  server/defLoss.test.mjs
  NOT_EXECUTED     11202ms  exit=0  fn=0  cases=0  load=9/35.2ms  server/destructiveWrite.test.mjs
  NOT_EXECUTED      2308ms  exit=0  fn=0  cases=0  load=9/32.3ms  server/duplicateDecls.test.mjs
  NOT_EXECUTED     16061ms  exit=0  fn=0  cases=0  load=9/31.2ms  server/editAddress.test.mjs
  NOT_EXECUTED       357ms  exit=0  fn=0  cases=0  load=9/29.6ms  server/editParse.test.mjs
  NOT_EXECUTED     28028ms  exit=0  fn=0  cases=0  load=9/34.1ms  server/editTruth.test.mjs
  NOT_EXECUTED     13041ms  exit=0  fn=0  cases=0  load=9/29.6ms  server/emptyReplace.test.mjs
  NOT_EXECUTED      3242ms  exit=0  fn=0  cases=0  load=9/38.6ms  server/exportLoss.test.mjs
  NOT_EXECUTED       441ms  exit=0  fn=0  cases=0  load=9/39.5ms  server/failReason.test.mjs
  NOT_EXECUTED      1779ms  exit=0  fn=0  cases=0  load=9/38.7ms  server/finishGateEntry.test.mjs
  NOT_EXECUTED      4797ms  exit=0  fn=0  cases=0  load=9/39.9ms  server/finishGateGoalEntry.test.mjs
  NOT_EXECUTED      5849ms  exit=0  fn=0  cases=0  load=9/32.7ms  server/forcedFinish.test.mjs
  NOT_EXECUTED      1475ms  exit=0  fn=0  cases=0  load=9/40.1ms  server/fuzzInvariants.test.mjs
  NOT_EXECUTED     13432ms  exit=0  fn=0  cases=0  load=9/39.1ms  server/gateSoundness.test.mjs
  NOT_EXECUTED      4832ms  exit=0  fn=0  cases=0  load=9/29.6ms  server/gitUndo.test.mjs
  NOT_EXECUTED        98ms  exit=0  fn=0  cases=0  load=10/32.7ms  server/godotProject.test.mjs
  NOT_EXECUTED     11570ms  exit=0  fn=0  cases=0  load=9/38.9ms  server/godotVerify.test.mjs
  NOT_EXECUTED       178ms  exit=0  fn=0  cases=0  load=9/39ms  server/googleAuth.test.mjs
  NOT_EXECUTED      3248ms  exit=0  fn=0  cases=0  load=9/29.6ms  server/googleE2E.test.mjs
  NOT_EXECUTED       308ms  exit=0  fn=0  cases=0  load=9/38.5ms  server/googleRefresh.test.mjs
  NOT_EXECUTED       375ms  exit=0  fn=0  cases=0  load=9/38.1ms  server/googleTools.test.mjs
  NOT_EXECUTED     49482ms  exit=0  fn=0  cases=0  load=9/29.5ms  server/hostileModel.test.mjs
  NOT_EXECUTED        77ms  exit=0  fn=0  cases=0  load=9/37.9ms  server/ledgerAtomic.test.mjs
  NOT_EXECUTED       105ms  exit=0  fn=0  cases=0  load=9/34.6ms  server/ledgerScope.test.mjs
  NOT_EXECUTED      1700ms  exit=0  fn=0  cases=0  load=9/30.7ms  server/ledgerScopeHub.test.mjs
  NOT_EXECUTED       311ms  exit=0  fn=0  cases=0  load=9/37.2ms  server/lineNumberStrip.test.mjs
  NOT_EXECUTED      2158ms  exit=0  fn=0  cases=0  load=9/30.7ms  server/loopSmoke.test.mjs
  NOT_EXECUTED       356ms  exit=0  fn=0  cases=0  load=10/38.7ms  server/markerGuard.test.mjs
  NOT_EXECUTED      4850ms  exit=0  fn=0  cases=0  load=9/36.5ms  server/markerGuardBypass.test.mjs
  NOT_EXECUTED     14987ms  exit=0  fn=0  cases=0  load=9/33ms  server/mockLoop.test.mjs
  NOT_EXECUTED     11827ms  exit=0  fn=0  cases=0  load=9/29.5ms  server/modelBudget.test.mjs
  NOT_EXECUTED      5946ms  exit=0  fn=0  cases=0  load=9/39.8ms  server/noopEdit.test.mjs
  NOT_EXECUTED       227ms  exit=0  fn=0  cases=0  load=9/34.7ms  server/parseActions.test.mjs
  NOT_EXECUTED       400ms  exit=0  fn=0  cases=0  load=9/32.2ms  server/parserCorpus.test.mjs
  NOT_EXECUTED       180ms  exit=0  fn=0  cases=0  load=9/30.3ms  server/parserFields.test.mjs
  NOT_EXECUTED       184ms  exit=0  fn=0  cases=0  load=9/29.8ms  server/parserPath.test.mjs
  NOT_EXECUTED       341ms  exit=0  fn=0  cases=0  load=9/29.5ms  server/planFiles.test.mjs
  NOT_EXECUTED      5815ms  exit=0  fn=0  cases=0  load=9/40ms  server/planFilesGate.test.mjs
  NOT_EXECUTED       339ms  exit=0  fn=0  cases=0  load=9/38.5ms  server/plannerFrame.test.mjs
  NOT_EXECUTED       102ms  exit=0  fn=0  cases=0  load=9/37.8ms  server/planTasks.test.mjs
  NOT_EXECUTED      5283ms  exit=0  fn=0  cases=0  load=9/39.3ms  server/planToExecution.test.mjs
  NOT_EXECUTED       700ms  exit=0  fn=0  cases=0  load=9/30.7ms  server/queueChain.test.mjs
  NOT_EXECUTED       696ms  exit=0  fn=0  cases=0  load=9/37.1ms  server/queueLock.test.mjs
  NOT_EXECUTED      2297ms  exit=0  fn=0  cases=0  load=9/38.3ms  server/readTruncation.test.mjs
  WITNESS_ERROR       77ms  exit=2  fn=0  cases=0  load=9/40.5ms  server/realChain.test.mjs
  WITNESS_ERROR       99ms  exit=2  fn=0  cases=0  load=10/33.2ms  server/realGame.test.mjs
  WITNESS_ERROR      124ms  exit=2  fn=0  cases=0  load=9/39.3ms  server/realModel.test.mjs
  NOT_EXECUTED       505ms  exit=0  fn=0  cases=0  load=9/29.3ms  server/repairChain.test.mjs
  NOT_EXECUTED      3568ms  exit=0  fn=0  cases=0  load=9/33.9ms  server/repeatCall.test.mjs
  NOT_EXECUTED      8917ms  exit=0  fn=0  cases=0  load=9/33.1ms  server/repeatGuardFairness.test.mjs
  NOT_EXECUTED      7965ms  exit=0  fn=0  cases=0  load=9/37.8ms  server/replacementLiteral.test.mjs
  NOT_EXECUTED      1099ms  exit=0  fn=0  cases=0  load=9/35.5ms  server/resetGuard.test.mjs
  UNOBSERVABLE      1030ms  exit=3221226505  fn=0  cases=0  load=9/31ms  server/resumeAfterRestart.test.mjs
  NOT_EXECUTED       356ms  exit=0  fn=0  cases=0  load=9/39.1ms  server/retention.test.mjs
  NOT_EXECUTED      7793ms  exit=0  fn=0  cases=0  load=9/34.5ms  server/rollbackBounded.test.mjs
  NOT_EXECUTED      3643ms  exit=0  fn=0  cases=0  load=9/29.5ms  server/rollbackCarryover.test.mjs
  UNOBSERVABLE   3226565ms  exit=1  fn=0  cases=0  load=9/29.8ms  server/runLifecycle.test.mjs
  NOT_EXECUTED      3486ms  exit=0  fn=0  cases=0  load=7/52.2ms  server/searchLiteral.test.mjs
  NOT_EXECUTED     13577ms  exit=0  fn=0  cases=0  load=9/38.1ms  server/shadowHint.test.mjs
  NOT_EXECUTED      1092ms  exit=0  fn=0  cases=0  load=9/33ms  server/statVanish.test.mjs
  NOT_EXECUTED      1393ms  exit=0  fn=0  cases=0  load=9/33.8ms  server/substitutionHonesty.test.mjs
  NOT_EXECUTED      4873ms  exit=0  fn=0  cases=0  load=9/35.2ms  server/supervisorChain.test.mjs
  NOT_EXECUTED    166622ms  exit=0  fn=0  cases=0  load=9/34.9ms  server/supervisorTick.test.mjs
  NOT_EXECUTED      1434ms  exit=0  fn=0  cases=0  load=10/30.5ms  server/syntaxRollback.test.mjs
  NOT_EXECUTED      3185ms  exit=0  fn=0  cases=0  load=9/29.4ms  server/teardownSettles.test.mjs
  NOT_EXECUTED       479ms  exit=0  fn=0  cases=0  load=9/29.6ms  server/tracesIsolation.test.mjs
  NOT_EXECUTED     13480ms  exit=0  fn=0  cases=0  load=9/31.5ms  server/transcript.test.mjs
  NOT_EXECUTED      1833ms  exit=0  fn=0  cases=0  load=9/31.6ms  server/truncatedFence.test.mjs
  NOT_EXECUTED      4346ms  exit=0  fn=0  cases=0  load=9/29.4ms  server/unattendedApproval.test.mjs
  NOT_EXECUTED     14643ms  exit=0  fn=0  cases=0  load=9/30.2ms  server/unverifiedFinishRecorded.test.mjs
  NOT_EXECUTED     13247ms  exit=0  fn=0  cases=0  load=9/31.3ms  server/verifierInfra.test.mjs
  NOT_EXECUTED      6993ms  exit=0  fn=0  cases=0  load=10/31.5ms  server/verifyGoal.test.mjs
  NOT_EXECUTED      2671ms  exit=0  fn=0  cases=0  load=10/31.5ms  server/verifyGodotTool.test.mjs
  NOT_EXECUTED     45968ms  exit=0  fn=0  cases=0  load=10/31.4ms  server/visualBaseline.test.mjs
  NOT_EXECUTED       217ms  exit=0  fn=0  cases=0  load=9/29.4ms  server/wiring.test.mjs
  NOT_EXECUTED      1759ms  exit=0  fn=0  cases=0  load=9/31.2ms  server/workspaceGitConfine.test.mjs
  EXECUTED           142ms  exit=0  fn=87  cases=93  load=9/32.1ms  server/policy_test.mjs
  NOT_EXECUTED     29609ms  exit=0  fn=0  cases=40  load=9/31.9ms  server/selftest.mjs
  NOT_EXECUTED        76ms  exit=0  fn=0  cases=0  load=9/29.5ms  client/src/lib/flow.test.mjs
  NOT_EXECUTED       102ms  exit=0  fn=0  cases=0  load=10/29.5ms  client/src/lib/godot.test.mjs
  NOT_EXECUTED        75ms  exit=0  fn=0  cases=0  load=9/29.6ms  client/src/lib/projectContext.test.mjs
  NOT_EXECUTED      6768ms  exit=0  fn=0  cases=0  load=9/31.2ms  training-data/factory/scoreGodot.test.mjs
  NOT_EXECUTED       630ms  exit=0  fn=0  cases=0  load=9/30.1ms  training-data/factory/stopApp.test.mjs
tally: {"NOT_EXECUTED":90,"UNOBSERVABLE":3,"WITNESS_ERROR":3,"EXECUTED":1}
load verdict: OBSERVED (worst 10, ceiling 40, 99 samples)
-> C:\Users\tatte\Projects\ai-coding-hub\legasus\out\segments\discover.json
discover exit=0
