full agent run: 20 min against https://mr-tattershall--coder7b-l4-server-web.modal.run
workspace C:\Users\tatte\AppData\Local\Temp\fullagent-E9m0JR\workspace

  mins  queue(done/open)  runs(done/other)  files  rss(MB)  note
   0.5               0/6               0/1      3        -  
   1.0               0/6               0/1      4        -  
   1.5               0/6               0/2      5        -  
   2.0               1/5               1/2      6        -  
   2.5               1/5               1/3      6        -  
   3.0               1/4               1/3      6        -  
   3.5               1/4               1/3      6        -  
   4.0               1/4               1/3      6        -  
   4.5               1/4               1/3      6        -  
   5.0               1/4               1/3      6        -  
   5.5               1/4               1/3      6        -  
   6.0               1/4               1/3      6        -  
   6.5               1/4               1/3      6        -  
   7.0               1/4               1/3      6        -  
   7.5               1/4               1/3      6        -  
   8.0               1/4               1/3      6        -  
   8.5               1/4               1/3      6        -  
   9.0               1/4               1/3      6        -  
   9.5               1/4               1/3      6        -  
  10.0               1/4               1/3      6        -  
  10.5               1/4               1/3      6        -  
