M1-LIVE-2 START 2026-09-26T08:38:47.406Z hub 3f8e4ae
model: http://127.0.0.1:11434
worker: sha256:fa49b576430b1288a585522bbf011fbd218cedcb379eb7bb57e3a69fec08a8c3
arms (identical seed + guidance in every arm): RECOVERY_ARM = full diagnostic (opening + after every edit) PLUS the recovery controller: verified checkpoint, exact rollback of rejected edits, repeat refusal, attempt/provisional bounds
seeds: 2   order: arm order for task index ti in replicate r starts at (ti + r - 1) mod 1
queue: 4 tasks x 1 arms x 1 replicate(s) = 4 units
limits: 900s/task, 4500s total, no retries

measuring seed baselines (no model involved):
  baseline farm-i1: 0/3 graded cases pass on the seed
  baseline farm-i2: 0/5 graded cases pass on the seed
  baseline farm-i3: 0/6 graded cases pass on the seed
  baseline farm-i4: 0/8 graded cases pass on the seed
fatal: ambiguous argument 'HEAD': unknown revision or path not in the working tree.
Use '--' to separate paths from revisions, like this:
'git <command> [<revision>...] -- [<file>...]'
fatal: ambiguous argument 'HEAD^{tree}': unknown revision or path not in the working tree.
Use '--' to separate paths from revisions, like this:
'git <command> [<revision>...] -- [<file>...]'
  1. [RECOVERY_ARM] farm-i1 ENDED req=- prot=NOT_SPECIFIED cases 0->0/3 edits=0 HELD delivered=true msgs=1 caseLines=0 ctl=ACTIVE - restores=0/0
  2. [RECOVERY_ARM] farm-i2 BLOCKED - prerequisite farm-i1 was not accepted in this arm/replicate
  3. [RECOVERY_ARM] farm-i3 BLOCKED - prerequisite farm-i2 was not accepted in this arm/replicate
  4. [RECOVERY_ARM] farm-i4 BLOCKED - prerequisite farm-i3 was not accepted in this arm/replicate
report written 2026-09-26T08:42:11.430Z: C:\Users\tatte\AppData\Local\Temp\autodiag1-LmI2Ll\M1-LIVE-2_REPORT.json

=== M1-LIVE-2 RESULT ===
elapsed 3m 24s of 75m
stopped cleanly: YES
integrity false  reconciliation true
status {"COMPLETED":1,"INTERRUPTED":0,"UNATTEMPTED":0,"BLOCKED":3,"OTHER":0,"UNACCOUNTED":0,"total":4,"planned":4}

LABEL: repair with SUPPLIED tests. The exposed cases are the graded cases.

RECOVERY_ARM  {
 "runs": 4,
 "verifiedRepairs": 0,
 "dispositions": {
  "HELD": 1,
  "BLOCKED": 3
 },
 "regressionsProduced": 0,
 "regressionsSurviving": 0,
 "runsWithNewlyPassing": 0,
 "runsWithNewlyFailing": 0,
 "runsWithBoth": 0,
 "runsAllCasesPassing": 0,
 "caseMeasurementErrors": 0,
 "editsOnTarget": 0,
 "runsThatEdited": 0,
 "sawFailingTest": 0,
 "editAfterFailure": 0,
 "runsWithDiagnosticDelivered": 1,
 "diagnosticsDelivered": 1,
 "diagnosticsSkippedForBudget": 0,
 "diagnosticsUnavailable": 0
}

isolation: held in every recorded unit

summary: C:\Users\tatte\AppData\Local\Temp\autodiag1-LmI2Ll\summary.jsonl
report:  C:\Users\tatte\AppData\Local\Temp\autodiag1-LmI2Ll\M1-LIVE-2_REPORT.json
M1-LIVE-2 COMPLETE 2026-09-26T08:42:11.432Z
M1-LIVE-2 EXIT 2026-09-26T08:42:11.439Z code 0
exit 0
