  RISK ESTIMATION x AUTHORITY POLICY - replay of preserved trajectories, no new inference
  development chains with recorded verdicts: 0   unseen: 16

  The development runs pre-date shadow gating, so they carry no recorded gate verdicts.
  The budget can therefore only be selected on trajectories that DO have them. Reporting
  the full sweep on the unseen batch is NOT a substitute - it would be tuning on the
  holdout - so the sweep below is labelled exploratory and the claim stays with B4.
===== UNSEEN (B4) =====
  verified chains present: 0/16
  budget 0    admitted 2/16     verified among admitted 0/2     VIABLE DESTROYED 0   harmful stopped 7/9      harmless killed 33/52
  budget 1    admitted 3/16     verified among admitted 0/3     VIABLE DESTROYED 0   harmful stopped 7/9      harmless killed 20/52
  budget 2    admitted 7/16     verified among admitted 0/7     VIABLE DESTROYED 0   harmful stopped 6/9      harmless killed 11/52
  budget 3    admitted 9/16     verified among admitted 0/9     VIABLE DESTROYED 0   harmful stopped 4/9      harmless killed 9/52
  budget 4    admitted 9/16     verified among admitted 0/9     VIABLE DESTROYED 0   harmful stopped 4/9      harmless killed 9/52
  budget 6    admitted 11/16    verified among admitted 0/11    VIABLE DESTROYED 0   harmful stopped 4/9      harmless killed 7/52
  budget Infinity admitted 11/16    verified among admitted 0/11    VIABLE DESTROYED 0   harmful stopped 4/9      harmless killed 7/52

===== READING =====
  budget 0        every flagged step is terminal - this is the hard veto that failed
  budget Infinity only proven-unsafe steps are terminal - pure static safety, no throttle
  in between      a chain may absorb some suspicion before authority is withdrawn

  With zero verified chains in a set, "verified among admitted" and "viable destroyed" have
  NO SENSITIVITY there, exactly as in B4. Read admission rate and harmful-stopped instead,
  and do not promote either into the endpoint slot.
  EXPERIMENT GATE-POLICY   hard veto vs frozen budget 2
  chains 48   verified present 0/48   total steps 150

  NO VERIFIED CHAINS. "verified preserved" and "verified destroyed" have ZERO SENSITIVITY,
  so this batch CANNOT validate the policy question no matter what the other columns say.
  Report it as an insufficient substrate, not as a policy result.

  policy            admitted   verified PRESERVED   verified DESTROYED   doomed stopped   steps run
  HARD_VETO         21/48      0/0                  0                    27/48            136/150 (91%)
  FROZEN_BUDGET_2   39/48      0/0                  0                    9/48             140/150 (93%)

===== PRIMARY ENDPOINT =====
  Undefined - no verified chains. See above.
