### 14B + append-preferred + marker guard (3 passes)
create       stopped       13     6    0     21   20.9    | runs
append       done          12     5    0     18     21    | runs
surgical     done           8     5    0     15   18.5    | runs
multi-site   done           8     5    0     15   20.4    | runs
python       stopped       29    14    0     54   16.9   p2_str.py
docs         stopped        7     6    0     15   17.6   MISSING
status 'done'      : 3/6
WORK ACTUALLY DONE : 5/6   <- the number that matters
tool errors        : 0
--- pass 1
create       stopped       12     6    1     24     18    | runs
append       done          11     4    0     18   20.5    | runs
surgical     done           7     4    0     12   23.8    | runs
multi-site   done          10     7    0     21   18.6    | runs
python       done           8     3    0     15   23.6   p2_str.py
docs         done           6     4    0     18   19.9   P1.md
status 'done'      : 5/6
WORK ACTUALLY DONE : 6/6   <- the number that matters
tool errors        : 1
--- pass 2
create       stopped       11     5    0     21   25.1    | runs
append       stopped       11     6    0     21   21.1    | runs
surgical     stopped       13     8    0     30   20.3    | runs
multi-site   stopped       45    30    1     99   11.1    | runs
python       done          10     4    0     18     18   p2_str.py
docs         done           8     4    0     21   18.6   P1.md
status 'done'      : 2/6
WORK ACTUALLY DONE : 6/6   <- the number that matters
tool errors        : 1
--- pass 3
