### MECHANICAL v2: wider ORIENT + guard pardon (3 passes)
create       done           9     3    0     15   25.4    | runs
append       stopped       13     7    0     15   38.8    | runs
surgical     done           9     6    0     12   17.4    | runs
multi-site   stopped       12     7    0     12   36.9    | runs
python       stopped       13     8    6     18   35.9   MISSING
docs         stopped       12     7    0     12   31.1   MISSING
status 'done'      : 2/6
WORK ACTUALLY DONE : 4/6   <- the number that matters
tool errors        : 6
--- pass 1
create       stopped        5     3    2      9   32.8   NO FILE
append       stopped       12     6    1     15   34.6    | runs
surgical     stopped       12     7    0     12   29.9    | runs
multi-site   stopped       26    14    2     36   25.6    | runs
python       stopped       10     6    5     12   32.6   MISSING
docs         stopped       12     7    0     12   33.7   MISSING
status 'done'      : 0/6
WORK ACTUALLY DONE : 3/6   <- the number that matters
tool errors        : 10
--- pass 2
create       stopped        5     3    2      6   31.4   NO FILE
append       stopped       17     9    1     21     34    | runs
surgical     stopped       13     7    0     12     35    | runs
multi-site   stopped       12     7    0     12   27.9    | runs
python       stopped       17    10    1     24   28.4   p2_str.py
docs         stopped       12     7    0     12   45.6   MISSING
status 'done'      : 0/6
WORK ACTUALLY DONE : 4/6   <- the number that matters
tool errors        : 4
--- pass 3
